// Jest Snapshot v1, https://goo.gl/fbAQLP

exports[`<WorkshopList /> should render with default props 1`] = `
<div
  className="view-container"
>
  <div
    className="view"
  />
</div>
`;
